grep-
student@MIT-ICT-LAB8-5:~/230953054/Lab2$ cat >> l2.txt
MANIPAL
manipal
India
INDIA
student@MIT-ICT-LAB8-5:~/230953054/Lab2$ cat >> l3.txt
richa
Richa
Shanbhag
shanbhag
student@MIT-ICT-LAB8-5:~/230953054/Lab2$ grep manipal l2.txt 
manipal
student@MIT-ICT-LAB8-5:~/230953054/Lab2$ grep manipal *
l2.txt:manipal
grep: newdir2: Is a directory
student@MIT-ICT-LAB8-5:~/230953054/Lab2$ grep OS *
l2.txt:OS lab
l3.txt:OS Lab
ls.txt:       the POSIX locale.  Also the TIME_STYLE environment
grep: newdir2: Is a directory
student@MIT-ICT-LAB8-5:~/230953054/Lab2$ grep -E ^ OS l2.txt 
grep: OS: No such file or directory
l2.txt:MANIPAL
l2.txt:manipal
l2.txt:India
l2.txt:INDIA
l2.txt:institute
l2.txt:OS lab
student@MIT-ICT-LAB8-5:~/230953054/Lab2$ grep -i lab l2.txt l3.txt 
l2.txt:OS lab
l3.txt:OS Lab
student@MIT-ICT-LAB8-5:~/230953054/Lab2$ grep -E "OS|institute" l2.txt 
institute
OS lab
student@MIT-ICT-LAB8-5:~/230953054/Lab2/newdir2$ cat file2.txt | grep OS l2.txt
OS lab
student@MIT-ICT-LAB8-5:~/230953054/Lab2/newdir2$ cat >> file2.txt | grep OS l2.txt
OS lab
hello
student@MIT-ICT-LAB8-5:~/230953054/Lab2/newdir2$ cat file2.txt 
move
hello
student@MIT-ICT-LAB8-5:~/230953054/Lab2/newdir2$ grep --color OS l2.txt 
OS lab

sort-
student@MIT-ICT-LAB8-5:~/230953054/Lab2/newdir2$ sort *
       0      if OK,
       1      if minor problems (e.g., cannot access sub‐
       -1     list one file per line.  Avoid '\n' with -q
       2      if  serious  trouble  (e.g.,  cannot access
       -a, --all
       -A, --almost-all
              across -x, commas -m, horizontal  -x,  long
              acters
              any use of --sort=none (-U) disables group‐
              append indicator (one of */=>@|) to entries
              append / indicator to directories
              append indicator with style WORD  to  entry
              assume tab stops at each COLS instead of 8
              a terminal)
       --author
AUTHOR
              below
       -b, --escape
       -B, --ignore-backups
              blocks
       --block-size=SIZE
              bolic  link,  show information for the file
       both by  default  and  with  --color=never.   With
              -C
              can be augmented with a --sort option,  but
              cape (overrides  QUOTING_STYLE  environment
       -C     list entries by columns
              --color
       --color=auto, ls emits color codes only when stan‐
              colorize  the  output; WHEN can be 'always'
       --color[=WHEN]
              command-line argument).
COPYRIGHT
       Copyright  ©  2018  Free Software Foundation, Inc.
       -c     with -lt: sort by, and show, ctime (time of
       dard output  is  connected  to  a  terminal.   The
       -d, --directory
       -D, --dired
              (default if omitted), 'auto',  or  'never';
              (default if omitted), 'auto', or 'never'
              default to 1024-byte blocks for disk usage;
              der
       --dereference-command-line-symlink-to-dir
DESCRIPTION
              directory),
              do not ignore entries starting with .
              do not list implied . and ..
              do not list implied entries ending with ~
              do not list implied entries matching  shell
              do not list implied entries matching  shell
              enclose entry names in double quotes
              entries
              etc.
       (example:   10K   is    10*1024).     Units    are
   Exit status:
              fault modification time: atime or access or
              fault, unless program is 'ls' and output is
       -F, --classify
       -f     do   not  sort,  enable  -aU,  disable  -ls
       files and FORMAT2  to  recent  files.   TIME_STYLE
       --file-type
              file-type (--file-type), classify (-F)
              first
              first
              follow each command line symbolic link
              follow symbolic links listed on the command
       --format=WORD
       for short options too.
       Full  documentation at: <https://www.gnu.org/soft‐
       --full-time
              generate output designed for  Emacs'  dired
       -g     like -l, but do not list owner
       -G, --no-group
GNU coreutils 8.30    September 2019                LS(1)
       GNU         coreutils         online         help:
              group directories before files;
       --group-directories-first
       -H, --dereference-command-line
hello
hello
HELLO
HELLO
HELLO INDIA
HELLO INDIA
HELLO WORLD
HELLO WORLD
       --help display this help and exit
       -h, --human-readable
       --hide=PATTERN
       <https://gnu.org/licenses/gpl.html>.
       <https://www.gnu.org/software/coreutils/>
              hyperlink  file names; WHEN can be 'always'
       --hyperlink[=WHEN]
              IDs
       if none of -cftuvSUX nor --sort is specified.
       -I, --ignore=PATTERN
       -i, --inode
              in a long listing, don't print group names
India
INDIA
       --indicator-style=WORD
              ing
institute
       iso,  locale,  or  +FORMAT.  FORMAT is interpreted
       -k, --kibibytes
       K,M,G,T,P,E,Z,Y  (powers  of  1024)  or  KB,MB,...
              last modification of file  status  informa‐
       -L, --dereference
       License  GPLv3+:  GNU  GPL  version  3  or   later
       like  in  date(1).   If  FORMAT  is   FORMAT1<new‐
              like -l, but list numeric  user  and  group
              like -l --time-style=full-iso
              likewise, except do not append '*'
              line
       line>FORMAT2,  then  FORMAT1 applies to non-recent
              link itself
              list directories themselves, not their con‐
       List  information about the FILEs (the current di‐
              list subdirectories recursively
              literal,   locale,   shell,   shell-always,
LS(1)                 User Commands                 LS(1)
       LS_COLORS environment variable can change the set‐
              -l,  single-column -1, verbose -l, vertical
       ls - list directory contents
       ls [OPTION]... [FILE]...
       -l     use a long listing format
       Mandatory  arguments to long options are mandatory
manipal
MANIPAL
MANIPAL
MANIPAL
              mat below
       -m     fill  width  with a comma separated list of
              mode
              more info below
move
NAME
              name;  otherwise:  sort  by  ctime,  newest
              names:    none   (default),   slash   (-p),
              (newest first)
       -N, --literal
       -n, --numeric-uid-gid
       -o     like -l, but do not list group information
       or available locally via: info '(coreutils) ls in‐
              or -b
OS lab
              otherwise:  sort  by  access  time,  newest
              output version information and exit
              PATTERN
              PATTERN (overridden by -a or -A)
       -p, --indicator-style=slash
       (powers of 1000).
       prefixed  with  'posix-' takes effect only outside
              print any security context of each file
              print C-style escapes for nongraphic  char‐
              print entry names without quoting
              print ? instead of nongraphic characters
              print  the  allocated size of each file, in
              print the index number of each file
       -q, --hide-control-chars
       -Q, --quote-name
       --quoting-style=WORD
       rectory by default).  Sort entries  alphabetically
       redistribute it.  There is NO WARRANTY, to the ex‐
REPORTING BUGS
       Report ls translation  bugs  to  <https://transla‐
              reverse order while sorting
       -R, --recursive
       -r, --reverse
SEE ALSO
              set output width to COLS.  0 means no limit
              shell-escape,  shell-escape-always,  c, es‐
       --show-control-chars
              show  nongraphic  characters as-is (the de‐
       --si   likewise, but use powers of 1000 not 1024
              sion (-X)
              size  (-S), time (-t), version (-v), exten‐
              sort by WORD instead of  name:  none  (-U),
       --sort=WORD
              specified  time  as sort key if --sort=time
       -s, --size
       -S     sort by file size, largest first
SYNOPSIS
       tent permitted by law.
              tents
              text
              that points to a directory
              the link references  rather  than  for  the
              them; e.g., '--block-size=M'; see SIZE for‐
       the POSIX locale.  Also the TIME_STYLE environment
       The  SIZE argument is an integer and optional unit
       The TIME_STYLE argument can be full-iso, long-iso,
       This  is free software: you are free to change and
              time/date format with  -l;  see  TIME_STYLE
       --time-style=TIME_STYLE
       --time=WORD
       tings.  Use the dircolors command to set it.
       tionproject.org/team/>
              tion);  with  -l:  show  ctime  and sort by
       -t     sort by modification time, newest first
       -T, --tabsize=COLS
       -U     do not sort; list entries in directory  or‐
              used only with -s and per directory totals
              use  quoting  style  WORD  for entry names:
              use (-u); ctime or status  (-c);  also  use
       Using  color to distinguish file types is disabled
       -u     with  -lt:  sort by, and show, access time;
              variable)
       variable sets the default style to use.
       --version
       -v     natural  sort  of  (version) numbers within
       vocation'
       ware/coreutils/ls>
              when showing file information  for  a  sym‐
              with -l and -s, print sizes like 1K 234M 2G
              with -l, print the author of each file
              with  -l, scale sizes by SIZE when printing
              with -l: show access time and sort by name;
              with -l, show time as WORD instead  of  de‐
       Written by Richard M. Stallman and  David  MacKen‐
       -w, --width=COLS
       -x     list entries by lines instead of by columns
       -X     sort alphabetically by entry extension
       -Z, --context
       zie.
       
student@MIT-ICT-LAB8-5:~/230953054/Lab2$ sort l2.txt 
India
INDIA
institute
manipal
MANIPAL
OS lab
student@MIT-ICT-LAB8-5:~/230953054/Lab2$ sort -o l2.txt l3.txt 
student@MIT-ICT-LAB8-5:~/230953054/Lab2$ cat l3.txt 
richa
Richa
Shanbhag
shanbhag
OS Lab
institute
student@MIT-ICT-LAB8-5:~/230953054/Lab2$ sort -r l3.txt 
Shanbhag
shanbhag
Richa
richa
OS Lab
institute
student@MIT-ICT-LAB8-5:~/230953054/Lab2$ sort -n l2.txt 
institute
OS Lab
richa
Richa
shanbhag
Shanbhag
student@MIT-ICT-LAB8-5:~/230953054/Lab2$ sort -n l3.txt 

institute
OS Lab
richa
Richa
shanbhag
Shanbhag
4
8
12
45
99
1000

wc-
student@MIT-ICT-LAB8-5:~/230953054/Lab2$ wc *
      6       7      47 l2.txt
     13      13      66 l3.txt
    284     962    8794 ls.txt
wc: newdir2: Is a directory
      0       0       0 newdir2
    303     982    8907 total
student@MIT-ICT-LAB8-5:~/230953054/Lab2$ wc -c l2.txt 
47 l2.txt
student@MIT-ICT-LAB8-5:~/230953054/Lab2$ wc -l l2.txt 
6 l2.txt
student@MIT-ICT-LAB8-5:~/230953054/Lab2$ wc -m l2.txt 
47 l2.txt

cut-
student@MIT-ICT-LAB8-5:~/230953054/Lab2$ cut -c 1-5 Table.txt
Name
A       1       X
B       2       Y
C       3       Z
D       4       W
E       5       K

student@MIT-ICT-LAB8-5:~/230953054/Lab2$ cut -b 1-3 Table.txt
Nam
A       1
B       2
C       3
D       4
E       5

sed-
student@MIT-ICT-LAB8-5:~/230953054/Lab2$ echo "I like cats. Cats are cute." | sed 's/cats/dogs/'
I like dogs. Cats are cute.

tr-
student@MIT-ICT-LAB8-5:~/230953054/Lab2$ tr 'a-z' 'A-Z' < l2.txt
1000
12
4
45
8
99
OS LAB
RICHA
SHANBHAG
INSTITUTE
RICHA
SHANBHAG

student@MIT-ICT-LAB8-5:~/230953054/Lab2$ tr 'abcd' 'jkmn'
abbbcddd
jkkkmnnn


 ps-
student@MIT-ICT-LAB8-5:~/230953054/Lab2$ ps
    PID TTY          TIME CMD
    386 pts/0    00:00:00 bash
  37807 pts/0    00:00:00 ps

echo-
student@MIT-ICT-LAB8-5:~/230953054/Lab2$ echo hello
hello

bc-
student@MIT-ICT-LAB8-5:~/230953054/Lab2$ bc
5+2
7
5>2
1
5/2
2
student@MIT-ICT-LAB8-5:~/230953054/Lab2$ bc -l
5/2
2.50000000000000000000

vi-
student@MIT-ICT-LAB8-5:~/230953054/Lab2$ vi l2.txt


Ques2-
 To select the lines from a file that have exactly two characters. 
student@MIT-ICT-LAB8-5:~/230953054/Lab2$ grep -x '..' l2.txt
12
45
99

To select the lines from a file that start with the upper case letter. 
student@MIT-ICT-LAB8-5:~/230953054/Lab2$ grep -E [A-Z] l2.txt
OS Lab
Richa
Shanbhag


To select the lines from a file that end with a period. 
student@MIT-ICT-LAB8-5:~/230953054/Lab2$ grep -E '\.$' new.txt
student@MIT-ICT-LAB8-5:~/230953054/Lab2$  cat -A new.txt
Hello.^M$
bye.^M$
good morning 
student@MIT-ICT-LAB8-5:~/230953054/Lab2$  tr -d '\r' < new.txt > newfile.txt
student@MIT-ICT-LAB8-5:~/230953054/Lab2$  grep '\.$' newfile.txt
Hello.
bye.

To select the lines in a file that has one or more blank spaces. 
student@MIT-ICT-LAB8-5:~/230953054/Lab2$ grep ' ' l2.txt
OS Lab

To select the lines in a file and direct them to another file which has digits as 
one of the characters in that line. 
student@MIT-ICT-LAB8-5:~/230953054/Lab2$ grep '[0-9]' new.txt > newfile2.txt
student@MIT-ICT-LAB8-5:~/230953054/Lab2$  cat newfile2.txt
12 am

Ques 3
1) Display the number students( only count) belonging to ICT department. 
student@MIT-ICT-LAB8-5:~/230953054/Lab2$  vi studentInformation.txt
student@MIT-ICT-LAB8-5:~/230953054/Lab2$ cat studentInformation.txt
Registration No:Name::Department:Branch:Section:Sub1:Sub2:Sub3
1234:XYZ:ICT:CCE:A:80:60:70
1001:Alice:ICT:CCE:A:85:78:90
1002:Bob:ICT:CCE:A:70:65:75
1003:Charlie:ICT:CCE:B:88:80:85
2450:Riya:CSE:CSE:D:98:95:70
1008:Samay:ECE:ECE:C:70:45:100
1007:Grace:ICT:CCE:A:69:74:71
1009:Ivy:ICT:CCE:C:95:92:89
1010:Jack:ICT:CCE:A:87:90:86
1006:Frank:ICT:CCE:C:90:88:84

student@MIT-ICT-LAB8-5:~/230953054/Lab2$  grep -c '^.*:.*:ICT:.*' studentInformation.txt
8

2) Replace all occurrences of IT branch with “Information Technology” and save 
the output to ITStudents.txt
student@MIT-ICT-LAB8-5:~/230953054/Lab2$ sed 's/:IT:/:Information Technology:/g' studentInformation.txt > ITStudents.txt

3) Display the average marks of student with the given registration number 
“1234” (or any specific existing number).
student@MIT-ICT-LAB8-5:~/230953054/Lab2$ awk -F':' '$1=="1001" {print ($6+$7+$8)/3}' studentInformation.txt

4) Display the title row in uppercase. The remaining lines should be unchanged. 
student@MIT-ICT-LAB8-5:~/230953054/Lab2$ sed -e '1s/.*/\U&/' studentInformation.txt


Ques 3
student@MIT-ICT-LAB8-5:~/230953054/Lab2$  grep "MIT" * | sed 's/MIT/Manipal Institute of Technology/g'
grep: newdir2: Is a directory
new.txt:Manipal Institute of Technology
newfile.txt:Manipal Institute of Technology

Ques 4
student@MIT-ICT-LAB8-5:~/230953054/Lab2$  wc $(find . -type f -name '*[0-9]*.*')
12  13  65 ./l2.txt
 12  13  65 ./l3.txt
  2   2  11 ./newdir2/file2.txt
  1   1   6 ./newdir2/file4.txt
  6   7  45 ./newdir2/l2.txt
  1   2   6 ./newfile2.txt
 34  38 198 total

Ques 5
student@MIT-ICT-LAB8-5:~/230953054/Lab2$ wc newfile2.txt & wc new.txt &
[1] 476
[2] 477
student@MIT-ICT-LAB8-5:~/230953054/Lab2$ 5  7 41 new.txt
1 2 6 newfile2.txt
pkipkill wc
[1]-  Done                    wc newfile2.txt
[2]+  Done                    wc new.txt

ADDITIONAL
 1)student@MIT-ICT-LAB8-5:~/230953054/Lab2$ sed -E 's/(.)(.)$/\2/' ls.txt
LS(1)                 User Commands                 LS()

NAE
       ls - list directory contens

SYNOPSS
       ls [OPTION]... [FILE]..

DESCRIPTIN
       List  information about the FILEs (the current d‐
       rectory by default).  Sort entries  alphabeticaly
       if none of -cftuvSUX nor --sort is specifie.

       Mandatory  arguments to long options are mandatoy
       for short options to.

       -a, --al
              do not ignore entries starting with.

       -A, --almost-al
              do not list implied . and .

       --authr
              with -l, print the author of each fie

       -b, --escae
              print C-style escapes for nongraphic  cha‐
              actes

       --block-size=SIE
              with  -l, scale sizes by SIZE when printig
              them; e.g., '--block-size=M'; see SIZE fo‐
              mat belw

       -B, --ignore-backus
              do not list implied entries ending with~

       -c     with -lt: sort by, and show, ctime (time f
              last modification of file  status  inform‐
              tion);  with  -l:  show  ctime  and sort y
              name;  otherwise:  sort  by  ctime,  newet
              firt

       -C     list entries by colums

       --color[=WHE]
              colorize  the  output; WHEN can be 'alway'
              (default if omitted), 'auto',  or  'never;
              more info belw

       -d, --directoy
              list directories themselves, not their co‐
              tens

       -D, --dird
              generate output designed for  Emacs'  dird
              moe

       -f     do   not  sort,  enable  -aU,  disable  -s
              --colr

       -F, --classiy
              append indicator (one of */=>@|) to entris

       --file-tye
              likewise, except do not append ''

       --format=WOD
              across -x, commas -m, horizontal  -x,  log
              -l,  single-column -1, verbose -l, verticl
              C

       --full-tie
              like -l --time-style=full-io

       -g     like -l, but do not list ownr

       --group-directories-firt
              group directories before file;

              can be augmented with a --sort option,  bt
              any use of --sort=none (-U) disables grou‐
              ig

       -G, --no-grop
              in a long listing, don't print group nams

       -h, --human-readabe
              with -l and -s, print sizes like 1K 234M G
              et.

       --si   likewise, but use powers of 1000 not 104

       -H, --dereference-command-lie
              follow symbolic links listed on the commad
              lie

       --dereference-command-line-symlink-to-dr
              follow each command line symbolic lik

              that points to a directoy

       --hide=PATTEN
              do not list implied entries matching  shel
              PATTERN (overridden by -a or -)

       --hyperlink[=WHE]
              hyperlink  file names; WHEN can be 'alway'
              (default if omitted), 'auto', or 'neve'

       --indicator-style=WOD
              append indicator with style WORD  to  enty
              names:    none   (default),   slash   (-p,
              file-type (--file-type), classify (-)

       -i, --inoe
              print the index number of each fie

       -I, --ignore=PATTEN
              do not list implied entries matching  shel
              PATTEN

       -k, --kibibyts
              default to 1024-byte blocks for disk usag;
              used only with -s and per directory totas

       -l     use a long listing formt

       -L, --dereferene
              when showing file information  for  a  sy‐
              bolic  link,  show information for the fie
              the link references  rather  than  for  te
              link itsef

       -m     fill  width  with a comma separated list f
              entris

       -n, --numeric-uid-gd
              like -l, but list numeric  user  and  grop
              Is

       -N, --literl
              print entry names without quotig

       -o     like -l, but do not list group informatin

       -p, --indicator-style=slah
              append / indicator to directoris

       -q, --hide-control-chas
              print ? instead of nongraphic charactes

       --show-control-chas
              show  nongraphic  characters as-is (the d‐
              fault, unless program is 'ls' and output s
              a termina)

       -Q, --quote-nae
              enclose entry names in double quots

       --quoting-style=WOD
              use  quoting  style  WORD  for entry name:
              literal,   locale,   shell,   shell-alway,
              shell-escape,  shell-escape-always,  c, e‐
              cape (overrides  QUOTING_STYLE  environmet
              variabl)

       -r, --revere
              reverse order while sortig

       -R, --recursie
              list subdirectories recursivey

       -s, --sie
              print  the  allocated size of each file, n
              blocs

       -S     sort by file size, largest firt

       --sort=WOD
              sort by WORD instead of  name:  none  (-U,
              size  (-S), time (-t), version (-v), exte‐
              sion (-)

       --time=WOD
              with -l, show time as WORD instead  of  d‐
              fault modification time: atime or access r
              use (-u); ctime or status  (-c);  also  ue
              specified  time  as sort key if --sort=tie
              (newest firs)

       --time-style=TIME_STYE
              time/date format with  -l;  see  TIME_STYE
              belw

       -t     sort by modification time, newest firt

       -T, --tabsize=COS
              assume tab stops at each COLS instead of8

       -u     with  -lt:  sort by, and show, access tim;
              with -l: show access time and sort by nam;
              otherwise:  sort  by  access  time,  newet
              firt

       -U     do not sort; list entries in directory  o‐
              dr

       -v     natural  sort  of  (version) numbers withn
              tet

       -w, --width=COS
              set output width to COLS.  0 means no limt

       -x     list entries by lines instead of by colums

       -X     sort alphabetically by entry extensin

       -Z, --contet
              print any security context of each fie

       -1     list one file per line.  Avoid '\n' with q
              or b

       --help display this help and ext

       --versin
              output version information and ext

       The  SIZE argument is an integer and optional unt
       (example:   10K   is    10*1024).     Units    ae
       K,M,G,T,P,E,Z,Y  (powers  of  1024)  or  KB,MB,..
       (powers of 1000.

       The TIME_STYLE argument can be full-iso, long-is,
       iso,  locale,  or  +FORMAT.  FORMAT is interpretd
       like  in  date(1).   If  FORMAT  is   FORMAT1<ne‐
       line>FORMAT2,  then  FORMAT1 applies to non-recet
       files and FORMAT2  to  recent  files.   TIME_STYE
       prefixed  with  'posix-' takes effect only outsie
       the POSIX locale.  Also the TIME_STYLE environmet
       variable sets the default style to us.

       Using  color to distinguish file types is disabld
       both by  default  and  with  --color=never.   Wih
       --color=auto, ls emits color codes only when sta‐
       dard output  is  connected  to  a  terminal.   Te
       LS_COLORS environment variable can change the se‐
       tings.  Use the dircolors command to set i.

   Exit statu:
       0      if O,

       1      if minor problems (e.g., cannot access su‐
              directory,

       2      if  serious  trouble  (e.g.,  cannot acces
              command-line argument.

AUTHR
       Written by Richard M. Stallman and  David  MacKe‐
       zi.

REPORTING BUS
       GNU         coreutils         online         hel:
       <https://www.gnu.org/software/coreutils>
       Report ls translation  bugs  to  <https://transl‐
       tionproject.org/team>

COPYRIGT
       Copyright  ©  2018  Free Software Foundation, In.
       License  GPLv3+:  GNU  GPL  version  3  or   latr
       <https://gnu.org/licenses/gpl.html.
       This  is free software: you are free to change ad
       redistribute it.  There is NO WARRANTY, to the e‐
       tent permitted by la.

SEE ALO
       Full  documentation at: <https://www.gnu.org/sof‐
       ware/coreutils/l>
       or available locally via: info '(coreutils) ls i‐
       vocatio'

GNU coreutils 8.30    September 2019                LS()


2) student@MIT-ICT-LAB8-5:~/230953054/Lab2$ grep '[0-9]' l2.txt | wc -l
6
